// Jest Snapshot v1, https://goo.gl/fbAQLP

exports[`RolesSelect Component renders component without crashing 1`] = `
<Select
  arrowRenderer={[Function]}
  autosize={true}
  backspaceRemoves={true}
  backspaceToRemoveMessage="Press backspace to remove {label}"
  className="select"
  clearAllText="Clear all"
  clearRenderer={[Function]}
  clearValueText="Clear value"
  clearable={false}
  closeOnSelect={true}
  deleteRemoves={true}
  delimiter=","
  disabled={false}
  escapeClearsValue={true}
  filterOptions={[Function]}
  ignoreAccents={true}
  ignoreCase={true}
  inputProps={Object {}}
  isLoading={false}
  joinValues={false}
  labelKey="label"
  matchPos="any"
  matchProp="any"
  menuBuffer={0}
  menuRenderer={[Function]}
  multi={false}
  name="form-field-name"
  noResultsText="No results found"
  onBlurResetsInput={true}
  onChange={[Function]}
  onCloseResetsInput={true}
  onSelectResetsInput={true}
  openOnClick={true}
  optionComponent={[Function]}
  options={
    Array [
      Object {
        "label": "test project 1",
        "value": 1,
      },
      Object {
        "label": "test project 2",
        "value": 2,
      },
      Object {
        "label": "test project 3",
        "value": 3,
      },
    ]
  }
  pageSize={5}
  placeholder="Select..."
  removeSelected={true}
  required={false}
  rtl={false}
  scrollMenuIntoView={true}
  searchable={true}
  simpleValue={false}
  tabSelectsValue={true}
  trimFilter={true}
  value={undefined}
  valueComponent={[Function]}
  valueKey="value"
/>
`;
