// Jest Snapshot v1, https://goo.gl/fbAQLP

exports[`App Component Renders component without crashing 1`] = `
<div
  className="App"
>
  <div
    className="page-title"
  >
    Select project below to manage assignments
  </div>
  <Connect(RolesWidget) />
</div>
`;
